mode: atomic
github.com/Songmu/thresh/config.go:42.2,43.54 2 11
github.com/Songmu/thresh/config.go:44.3,47.1 3 9
github.com/Songmu/thresh/config.go:49.2,51.53 3 2
github.com/Songmu/thresh/config.go:52.3,53.1 1 0
github.com/Songmu/thresh/config.go:54.2,55.12 2 2
github.com/Songmu/thresh/config.go:60.2,61.58 2 42
github.com/Songmu/thresh/config.go:62.3,63.1 1 1
github.com/Songmu/thresh/config.go:64.2,64.25 1 42
github.com/Songmu/thresh/config.go:65.3,66.1 1 1
github.com/Songmu/thresh/config.go:67.2,67.35 1 42
github.com/Songmu/thresh/config.go:68.3,68.43 1 43
github.com/Songmu/thresh/config.go:69.4,70.1 1 3
github.com/Songmu/thresh/config.go:72.2,72.29 1 42
github.com/Songmu/thresh/config.go:77.2,78.1 1 43
github.com/Songmu/thresh/config.go:85.2,85.37 1 111
github.com/Songmu/thresh/config.go:86.3,87.1 1 0
github.com/Songmu/thresh/config.go:88.2,89.16 2 111
github.com/Songmu/thresh/config.go:90.3,91.1 1 7
github.com/Songmu/thresh/config.go:92.2,92.83 1 104
github.com/Songmu/thresh/config.go:93.3,94.1 1 10
github.com/Songmu/thresh/config.go:95.2,95.24 1 94
github.com/Songmu/thresh/config.go:96.3,97.1 1 3
github.com/Songmu/thresh/config.go:98.2,98.19 1 91
github.com/Songmu/thresh/config.go:99.3,100.1 1 3
github.com/Songmu/thresh/config.go:101.2,101.12 1 88
github.com/Songmu/thresh/config.go:105.2,106.16 2 23
github.com/Songmu/thresh/config.go:107.3,110.1 3 16
github.com/Songmu/thresh/config.go:112.2,113.37 2 7
github.com/Songmu/thresh/config.go:114.3,115.1 1 1
github.com/Songmu/thresh/config.go:116.3,117.20 2 6
github.com/Songmu/thresh/config.go:118.4,119.1 1 0
github.com/Songmu/thresh/config.go:120.3,120.42 1 6
github.com/Songmu/thresh/config.go:122.2,123.77 2 7
github.com/Songmu/thresh/config.go:124.3,125.1 1 7
github.com/Songmu/thresh/config.go:126.2,127.12 2 7
github.com/Songmu/thresh/config.go:128.3,129.1 1 4
github.com/Songmu/thresh/config.go:130.2,132.24 1 3
github.com/Songmu/thresh/config.go:143.2,143.51 1 77
github.com/Songmu/thresh/config.go:144.3,145.1 1 3
github.com/Songmu/thresh/config.go:146.2,147.41 2 74
github.com/Songmu/thresh/config.go:148.3,149.1 1 1
github.com/Songmu/thresh/config.go:150.2,151.45 2 73
github.com/Songmu/thresh/config.go:152.3,153.1 1 1
github.com/Songmu/thresh/config.go:154.2,154.51 1 72
github.com/Songmu/thresh/config.go:165.2,168.1 3 17
github.com/Songmu/thresh/config.go:171.2,171.14 1 36
github.com/Songmu/thresh/config.go:172.3,173.1 1 0
github.com/Songmu/thresh/config.go:174.2,174.16 1 36
github.com/Songmu/thresh/config.go:179.2,180.1 1 79
github.com/Songmu/thresh/config.go:189.2,190.16 2 5
github.com/Songmu/thresh/config.go:191.3,192.1 1 0
github.com/Songmu/thresh/config.go:193.2,195.12 3 5
github.com/Songmu/thresh/config.go:199.2,199.26 1 18
github.com/Songmu/thresh/config.go:200.3,201.1 1 18
github.com/Songmu/thresh/config.go:202.2,202.15 1 0
github.com/Songmu/thresh/config.go:207.2,208.1 1 3
github.com/Songmu/thresh/config.go:212.2,213.1 1 51
github.com/Songmu/thresh/config.go:222.2,223.16 2 4
github.com/Songmu/thresh/config.go:224.3,225.1 1 0
github.com/Songmu/thresh/config.go:226.2,228.12 3 4
github.com/Songmu/thresh/config.go:232.2,232.14 1 9
github.com/Songmu/thresh/config.go:233.3,234.1 1 0
github.com/Songmu/thresh/config.go:235.2,235.30 1 9
github.com/Songmu/thresh/config.go:240.2,241.1 1 22
github.com/Songmu/thresh/config.go:256.2,263.1 7 9
github.com/Songmu/thresh/config.go:271.2,271.22 1 11
github.com/Songmu/thresh/config.go:272.3,273.1 1 0
github.com/Songmu/thresh/config.go:274.2,274.37 1 11
github.com/Songmu/thresh/config.go:275.3,275.18 1 8
github.com/Songmu/thresh/config.go:276.4,277.1 1 0
github.com/Songmu/thresh/config.go:278.3,278.26 1 8
github.com/Songmu/thresh/config.go:280.2,280.49 1 3
github.com/Songmu/thresh/config.go:281.3,281.18 1 2
github.com/Songmu/thresh/config.go:282.4,283.1 1 1
github.com/Songmu/thresh/config.go:284.3,284.26 1 1
github.com/Songmu/thresh/config.go:286.2,286.38 1 1
github.com/Songmu/thresh/config.go:291.2,292.16 2 8
github.com/Songmu/thresh/config.go:293.3,294.1 1 0
github.com/Songmu/thresh/config.go:295.2,296.54 2 8
github.com/Songmu/thresh/config.go:297.3,298.1 1 0
github.com/Songmu/thresh/config.go:299.2,299.42 1 8
github.com/Songmu/thresh/config.go:300.3,301.1 1 0
github.com/Songmu/thresh/config.go:302.2,302.21 1 8
github.com/Songmu/thresh/config.go:321.2,322.16 2 7
github.com/Songmu/thresh/config.go:323.3,324.1 1 0
github.com/Songmu/thresh/config.go:325.2,326.16 2 7
github.com/Songmu/thresh/config.go:327.3,328.1 1 0
github.com/Songmu/thresh/config.go:329.2,330.16 2 7
github.com/Songmu/thresh/config.go:331.3,332.1 1 0
github.com/Songmu/thresh/config.go:333.2,334.22 2 7
github.com/Songmu/thresh/config.go:339.2,339.19 1 26
github.com/Songmu/thresh/config.go:340.3,341.1 1 0
github.com/Songmu/thresh/config.go:342.2,342.22 1 26
github.com/Songmu/thresh/config.go:343.3,344.1 1 0
github.com/Songmu/thresh/config.go:345.2,345.42 1 26
github.com/Songmu/thresh/config.go:346.3,347.1 1 0
github.com/Songmu/thresh/config.go:349.2,350.16 2 26
github.com/Songmu/thresh/config.go:351.3,352.1 1 2
github.com/Songmu/thresh/config.go:353.2,353.16 1 26
github.com/Songmu/thresh/config.go:354.3,355.1 1 1
github.com/Songmu/thresh/config.go:357.2,358.16 2 25
github.com/Songmu/thresh/config.go:359.3,360.1 1 1
github.com/Songmu/thresh/config.go:361.2,362.16 2 24
github.com/Songmu/thresh/config.go:363.3,364.1 1 1
github.com/Songmu/thresh/config.go:366.2,368.20 3 23
github.com/Songmu/thresh/config.go:369.3,370.17 2 22
github.com/Songmu/thresh/config.go:371.4,372.1 1 2
github.com/Songmu/thresh/config.go:375.2,376.16 2 21
github.com/Songmu/thresh/config.go:377.3,378.1 1 0
github.com/Songmu/thresh/config.go:379.2,386.16 2 21
github.com/Songmu/thresh/config.go:387.3,388.1 1 1
github.com/Songmu/thresh/config.go:389.2,389.57 1 20
github.com/Songmu/thresh/config.go:390.3,391.1 1 3
github.com/Songmu/thresh/config.go:393.2,395.11 3 17
github.com/Songmu/thresh/config.go:396.3,397.22 2 6
github.com/Songmu/thresh/config.go:398.4,399.1 1 1
github.com/Songmu/thresh/config.go:400.3,400.15 1 5
github.com/Songmu/thresh/config.go:403.2,412.8 1 16
github.com/Songmu/thresh/config.go:416.2,416.32 1 49
github.com/Songmu/thresh/config.go:417.3,418.1 1 2
github.com/Songmu/thresh/config.go:419.2,419.41 1 47
github.com/Songmu/thresh/config.go:420.3,421.1 1 4
github.com/Songmu/thresh/config.go:422.2,422.18 1 43
github.com/Songmu/thresh/config.go:426.2,426.32 1 17
github.com/Songmu/thresh/config.go:427.3,428.1 1 3
github.com/Songmu/thresh/config.go:429.2,429.27 1 14
github.com/Songmu/thresh/config.go:433.2,433.32 1 49
github.com/Songmu/thresh/config.go:434.3,435.1 1 3
github.com/Songmu/thresh/config.go:436.2,436.41 1 46
github.com/Songmu/thresh/config.go:437.3,438.17 2 4
github.com/Songmu/thresh/config.go:439.4,440.1 1 2
github.com/Songmu/thresh/config.go:441.3,441.21 1 2
github.com/Songmu/thresh/config.go:443.2,443.22 1 42
github.com/Songmu/thresh/config.go:444.3,445.1 1 28
github.com/Songmu/thresh/config.go:446.2,446.22 1 14
github.com/Songmu/thresh/config.go:450.2,450.32 1 21
github.com/Songmu/thresh/config.go:451.3,452.1 1 3
github.com/Songmu/thresh/config.go:453.2,453.41 1 18
github.com/Songmu/thresh/config.go:454.3,455.17 2 4
github.com/Songmu/thresh/config.go:456.4,457.1 1 1
github.com/Songmu/thresh/config.go:458.3,458.21 1 3
github.com/Songmu/thresh/config.go:460.2,460.22 1 14
github.com/Songmu/thresh/config.go:461.3,462.1 1 4
github.com/Songmu/thresh/config.go:463.2,463.22 1 10
github.com/Songmu/thresh/config.go:468.2,468.21 1 6
github.com/Songmu/thresh/config.go:469.3,470.1 1 0
github.com/Songmu/thresh/config.go:471.2,472.16 2 6
github.com/Songmu/thresh/config.go:473.3,474.1 1 1
github.com/Songmu/thresh/config.go:475.2,475.20 1 5
github.com/Songmu/thresh/mdhq.go:45.2,51.1 6 0
github.com/Songmu/thresh/mdhq.go:61.2,61.19 1 9
github.com/Songmu/thresh/mdhq.go:62.3,63.1 1 0
github.com/Songmu/thresh/mdhq.go:64.2,64.47 1 9
github.com/Songmu/thresh/mdhq.go:73.2,73.33 1 10
github.com/Songmu/thresh/mdhq.go:74.3,75.1 1 0
github.com/Songmu/thresh/mdhq.go:76.2,76.48 1 10
github.com/Songmu/thresh/mdhq.go:77.3,78.1 1 1
github.com/Songmu/thresh/mdhq.go:79.2,80.19 2 9
github.com/Songmu/thresh/mdhq.go:81.3,82.1 1 0
github.com/Songmu/thresh/mdhq.go:83.2,84.20 2 9
github.com/Songmu/thresh/mdhq.go:85.3,86.1 1 2
github.com/Songmu/thresh/mdhq.go:87.3,88.1 1 7
github.com/Songmu/thresh/mdhq.go:89.2,89.20 1 9
github.com/Songmu/thresh/mdhq.go:90.3,91.1 1 1
github.com/Songmu/thresh/mdhq.go:92.2,93.1 3 9
github.com/Songmu/thresh/mdhq.go:94.2,95.16 3 9
github.com/Songmu/thresh/mdhq.go:96.3,97.20 2 1
github.com/Songmu/thresh/mdhq.go:98.4,99.1 1 0
github.com/Songmu/thresh/mdhq.go:100.3,100.80 1 1
github.com/Songmu/thresh/mdhq.go:103.2,105.48 3 8
github.com/Songmu/thresh/mdhq.go:106.3,107.1 1 0
github.com/Songmu/thresh/mdhq.go:108.2,109.60 2 8
github.com/Songmu/thresh/mdhq.go:110.3,110.17 1 1
github.com/Songmu/thresh/mdhq.go:111.4,112.1 1 1
github.com/Songmu/thresh/mdhq.go:113.3,113.77 1 0
github.com/Songmu/thresh/mdhq.go:115.2,115.31 1 7
github.com/Songmu/thresh/mdhq.go:116.3,117.1 1 1
github.com/Songmu/thresh/mdhq.go:118.2,118.28 1 6
github.com/Songmu/thresh/mdhq.go:119.3,120.1 1 0
github.com/Songmu/thresh/mdhq.go:121.2,121.23 1 6
github.com/Songmu/thresh/mdhq.go:122.3,123.1 1 0
github.com/Songmu/thresh/mdhq.go:124.2,124.23 1 6
github.com/Songmu/thresh/mdhq.go:126.3,127.21 2 5
github.com/Songmu/thresh/mdhq.go:129.3,133.4 1 1
github.com/Songmu/thresh/pipeline.go:34.2,35.16 2 3
github.com/Songmu/thresh/pipeline.go:36.3,37.1 1 1
github.com/Songmu/thresh/pipeline.go:38.2,44.16 2 2
github.com/Songmu/thresh/pipeline.go:45.3,46.1 1 0
github.com/Songmu/thresh/pipeline.go:47.2,48.29 2 2
github.com/Songmu/thresh/pipeline.go:49.3,50.1 1 2
github.com/Songmu/thresh/pipeline.go:51.2,51.23 1 2
github.com/Songmu/thresh/pipeline.go:55.2,55.54 1 3
github.com/Songmu/thresh/pipeline.go:56.3,57.1 1 1
github.com/Songmu/thresh/pipeline.go:58.2,59.76 2 2
github.com/Songmu/thresh/pipeline.go:81.2,81.20 1 16
github.com/Songmu/thresh/pipeline.go:82.3,83.1 1 0
github.com/Songmu/thresh/pipeline.go:85.2,90.36 3 16
github.com/Songmu/thresh/pipeline.go:91.3,91.35 1 25
github.com/Songmu/thresh/pipeline.go:92.4,93.9 2 2
github.com/Songmu/thresh/pipeline.go:95.3,96.17 2 23
github.com/Songmu/thresh/pipeline.go:97.4,99.52 3 7
github.com/Songmu/thresh/pipeline.go:100.5,101.1 1 4
github.com/Songmu/thresh/pipeline.go:102.4,103.21 2 7
github.com/Songmu/thresh/pipeline.go:104.5,104.10 1 5
github.com/Songmu/thresh/pipeline.go:106.4,106.12 1 2
github.com/Songmu/thresh/pipeline.go:108.3,108.30 1 16
github.com/Songmu/thresh/pipeline.go:109.4,109.22 1 31
github.com/Songmu/thresh/pipeline.go:110.5,110.13 1 1
github.com/Songmu/thresh/pipeline.go:112.4,112.35 1 30
github.com/Songmu/thresh/pipeline.go:113.5,113.13 1 3
github.com/Songmu/thresh/pipeline.go:115.4,116.55 2 27
github.com/Songmu/thresh/pipeline.go:117.5,121.13 2 4
github.com/Songmu/thresh/pipeline.go:123.4,126.6 1 23
github.com/Songmu/thresh/pipeline.go:129.2,129.44 1 16
github.com/Songmu/thresh/pipeline.go:155.2,156.1 1 9
github.com/Songmu/thresh/pipeline.go:165.2,165.34 1 9
github.com/Songmu/thresh/pipeline.go:166.3,167.1 1 0
github.com/Songmu/thresh/pipeline.go:168.2,168.19 1 9
github.com/Songmu/thresh/pipeline.go:169.3,170.1 1 0
github.com/Songmu/thresh/pipeline.go:171.2,171.19 1 9
github.com/Songmu/thresh/pipeline.go:172.3,173.1 1 0
github.com/Songmu/thresh/pipeline.go:174.2,174.19 1 9
github.com/Songmu/thresh/pipeline.go:175.3,176.1 1 0
github.com/Songmu/thresh/pipeline.go:178.2,186.23 3 9
github.com/Songmu/thresh/pipeline.go:187.3,189.1 2 3
github.com/Songmu/thresh/pipeline.go:191.2,197.1 4 9
github.com/Songmu/thresh/pipeline.go:198.2,198.31 4 9
github.com/Songmu/thresh/pipeline.go:199.3,199.35 1 12
github.com/Songmu/thresh/pipeline.go:200.4,200.35 1 3
github.com/Songmu/thresh/pipeline.go:201.5,203.1 2 1
github.com/Songmu/thresh/pipeline.go:204.4,204.9 1 3
github.com/Songmu/thresh/pipeline.go:206.3,207.17 2 9
github.com/Songmu/thresh/pipeline.go:208.4,215.52 3 4
github.com/Songmu/thresh/pipeline.go:216.5,217.1 1 2
github.com/Songmu/thresh/pipeline.go:218.4,220.21 3 4
github.com/Songmu/thresh/pipeline.go:221.5,221.10 1 3
github.com/Songmu/thresh/pipeline.go:223.4,223.12 1 1
github.com/Songmu/thresh/pipeline.go:225.3,225.30 1 5
github.com/Songmu/thresh/pipeline.go:226.4,227.1 1 1
github.com/Songmu/thresh/pipeline.go:228.3,228.48 1 5
github.com/Songmu/thresh/pipeline.go:229.4,237.9 4 1
github.com/Songmu/thresh/pipeline.go:240.2,240.33 1 9
github.com/Songmu/thresh/thresh.go:21.2,22.1 1 0
github.com/Songmu/thresh/thresh.go:32.2,38.39 6 8
github.com/Songmu/thresh/thresh.go:39.3,40.1 1 0
github.com/Songmu/thresh/thresh.go:41.2,41.10 1 8
github.com/Songmu/thresh/thresh.go:42.3,43.1 1 1
github.com/Songmu/thresh/thresh.go:44.2,44.20 1 7
github.com/Songmu/thresh/thresh.go:45.3,46.1 1 0
github.com/Songmu/thresh/thresh.go:48.2,49.16 2 7
github.com/Songmu/thresh/thresh.go:50.3,51.1 1 0
github.com/Songmu/thresh/thresh.go:52.2,59.16 2 7
github.com/Songmu/thresh/thresh.go:60.3,61.1 1 0
github.com/Songmu/thresh/thresh.go:63.2,64.40 2 7
github.com/Songmu/thresh/thresh.go:65.3,66.1 1 8
github.com/Songmu/thresh/thresh.go:67.2,67.21 1 7
github.com/Songmu/thresh/thresh.go:68.3,69.1 1 0
github.com/Songmu/thresh/thresh.go:70.2,71.33 2 7
github.com/Songmu/thresh/thresh.go:72.3,72.35 1 11
github.com/Songmu/thresh/thresh.go:73.4,75.9 3 1
github.com/Songmu/thresh/thresh.go:77.3,84.40 1 10
github.com/Songmu/thresh/thresh.go:85.4,86.24 2 2
github.com/Songmu/thresh/thresh.go:87.5,87.10 1 0
github.com/Songmu/thresh/thresh.go:91.2,91.49 1 7
github.com/Songmu/thresh/thresh.go:92.3,93.1 1 3
github.com/Songmu/thresh/thresh.go:94.2,94.12 1 4
github.com/Songmu/thresh/thresh.go:98.2,100.1 2 1
github.com/Songmu/thresh/thresh.go:110.2,111.1 1 1
github.com/Songmu/thresh/thresh.go:114.2,115.1 1 3
github.com/Songmu/thresh/window.go:21.2,22.1 1 0
github.com/Songmu/thresh/window.go:32.2,33.16 2 8
github.com/Songmu/thresh/window.go:34.3,35.1 1 0
github.com/Songmu/thresh/window.go:36.2,36.49 1 8
github.com/Songmu/thresh/window.go:41.2,41.21 1 16
github.com/Songmu/thresh/window.go:42.3,43.1 1 0
github.com/Songmu/thresh/window.go:44.2,45.47 1 16
github.com/Songmu/thresh/window.go:46.3,51.1 1 0
github.com/Songmu/thresh/window.go:52.2,52.66 1 16
github.com/Songmu/thresh/window.go:57.2,58.16 2 0
github.com/Songmu/thresh/window.go:59.3,60.1 1 0
github.com/Songmu/thresh/window.go:61.2,61.43 1 0
github.com/Songmu/thresh/window.go:72.2,73.16 2 1
github.com/Songmu/thresh/window.go:74.3,75.1 1 0
github.com/Songmu/thresh/window.go:76.2,76.36 1 1
github.com/Songmu/thresh/window.go:88.2,89.16 2 7
github.com/Songmu/thresh/window.go:90.3,91.1 1 0
github.com/Songmu/thresh/window.go:92.2,92.47 1 7
github.com/Songmu/thresh/window.go:98.2,98.15 1 15
github.com/Songmu/thresh/window.go:99.3,100.1 1 6
github.com/Songmu/thresh/window.go:101.2,101.47 1 9
github.com/Songmu/thresh/window.go:107.2,107.51 1 11
github.com/Songmu/thresh/window.go:108.3,109.1 1 2
github.com/Songmu/thresh/window.go:110.2,111.16 2 9
github.com/Songmu/thresh/window.go:112.3,113.1 1 0
github.com/Songmu/thresh/window.go:114.2,116.34 3 9
github.com/Songmu/thresh/window.go:117.3,118.17 2 7
github.com/Songmu/thresh/window.go:119.4,120.1 1 0
github.com/Songmu/thresh/window.go:121.3,122.17 2 7
github.com/Songmu/thresh/window.go:123.4,124.1 1 0
github.com/Songmu/thresh/window.go:126.2,126.21 1 9
github.com/Songmu/thresh/window.go:130.2,130.41 1 31
github.com/Songmu/thresh/window.go:131.3,132.1 1 5
github.com/Songmu/thresh/window.go:133.2,133.12 1 26
github.com/Songmu/thresh/window.go:138.2,139.1 1 0
github.com/Songmu/thresh/window.go:143.2,144.1 1 5
github.com/Songmu/thresh/window.go:150.2,150.21 1 9
github.com/Songmu/thresh/window.go:151.3,152.1 1 0
github.com/Songmu/thresh/window.go:153.2,153.64 1 9
github.com/Songmu/thresh/window.go:154.3,155.1 1 5
github.com/Songmu/thresh/window.go:156.2,157.16 2 4
github.com/Songmu/thresh/window.go:158.3,159.1 1 2
github.com/Songmu/thresh/window.go:160.2,169.3 1 2
github.com/Songmu/thresh/window.go:178.2,179.16 2 9
github.com/Songmu/thresh/window.go:180.3,181.1 1 0
github.com/Songmu/thresh/window.go:182.2,183.16 2 9
github.com/Songmu/thresh/window.go:184.3,185.1 1 0
github.com/Songmu/thresh/window.go:186.2,186.30 1 9
github.com/Songmu/thresh/window.go:190.2,191.16 2 11
github.com/Songmu/thresh/window.go:192.3,193.1 1 0
github.com/Songmu/thresh/window.go:194.2,195.16 2 11
github.com/Songmu/thresh/window.go:196.3,197.1 1 0
github.com/Songmu/thresh/window.go:198.2,198.30 1 11
github.com/Songmu/thresh/window.go:202.2,202.24 1 27
github.com/Songmu/thresh/window.go:203.3,204.1 1 0
github.com/Songmu/thresh/window.go:205.2,205.44 1 27
github.com/Songmu/thresh/window.go:209.2,209.39 1 36
github.com/Songmu/thresh/window.go:210.3,211.17 2 36
github.com/Songmu/thresh/window.go:212.4,213.1 1 0
github.com/Songmu/thresh/window.go:214.3,214.45 1 36
github.com/Songmu/thresh/window.go:215.4,216.72 2 125
github.com/Songmu/thresh/window.go:217.5,218.1 1 36
github.com/Songmu/thresh/window.go:221.2,221.78 1 0
github.com/Songmu/thresh/window.go:225.2,225.39 1 11
github.com/Songmu/thresh/window.go:226.3,227.17 2 11
github.com/Songmu/thresh/window.go:228.4,229.1 1 0
github.com/Songmu/thresh/window.go:230.3,230.39 1 11
github.com/Songmu/thresh/window.go:231.4,231.31 1 42
github.com/Songmu/thresh/window.go:232.5,233.1 1 11
github.com/Songmu/thresh/window.go:236.2,236.77 1 0
github.com/Songmu/thresh/window.go:240.2,243.48 4 47
github.com/Songmu/thresh/window.go:244.3,255.17 3 235
github.com/Songmu/thresh/window.go:256.4,257.1 1 0
github.com/Songmu/thresh/window.go:258.3,258.44 1 235
github.com/Songmu/thresh/window.go:260.2,260.45 1 47
github.com/Songmu/thresh/window.go:261.3,262.1 1 188
github.com/Songmu/thresh/window.go:263.2,263.38 1 47
github.com/Songmu/thresh/window.go:267.2,268.31 2 47
github.com/Songmu/thresh/window.go:269.3,269.71 1 235
github.com/Songmu/thresh/window.go:270.4,271.1 1 233
github.com/Songmu/thresh/window.go:273.2,273.18 1 47
github.com/Songmu/thresh/window.go:285.2,285.21 1 237
github.com/Songmu/thresh/window.go:286.3,287.1 1 0
github.com/Songmu/thresh/window.go:289.2,294.33 6 237
github.com/Songmu/thresh/window.go:295.3,307.31 4 288
github.com/Songmu/thresh/window.go:308.4,309.12 2 235
github.com/Songmu/thresh/window.go:311.3,313.67 1 53
github.com/Songmu/thresh/window.go:314.4,316.1 2 28
github.com/Songmu/thresh/window.go:318.2,318.21 1 237
github.com/Songmu/thresh/window.go:319.3,319.41 1 231
github.com/Songmu/thresh/window.go:320.4,321.1 1 4
github.com/Songmu/thresh/window.go:322.3,322.23 1 231
github.com/Songmu/thresh/window.go:324.2,324.23 1 6
github.com/Songmu/thresh/window.go:325.3,326.1 1 6
github.com/Songmu/thresh/window.go:327.2,336.3 1 0
github.com/Songmu/thresh/window.go:340.2,345.73 3 237
github.com/Songmu/thresh/window.go:346.3,348.1 2 68493
github.com/Songmu/thresh/window.go:349.2,350.27 2 237
github.com/Songmu/thresh/window.go:351.3,352.1 1 288
github.com/Songmu/thresh/window.go:353.2,354.16 2 237
github.com/Songmu/thresh/cmd/thresh/main.go:14.2,16.39 3 0
github.com/Songmu/thresh/cmd/thresh/main.go:17.3,19.58 3 0
github.com/Songmu/thresh/cmd/thresh/main.go:20.4,21.1 1 0
github.com/Songmu/thresh/cmd/thresh/main.go:22.3,22.20 1 0
